[    1635ms] [WARNING] Tenant theming: stored seed is invalid, keeping the default palette. Error: OrisoScheme: signal seed is not a valid hex colour: ""
    at o (https://dev.oriso.org/static/js/app.9c3b4cef.js:2:513631)
    at h (https://dev.oriso.org/static/js/app.9c3b4cef.js:2:515103)
    at o (https://dev.oriso.org/static/js/app.9c3b4cef.js:2:512133)
    at https://dev.oriso.org/static/js/app.9c3b4cef.js:2:521160
    at https://dev.oriso.org/static/js/app.9c3b4cef.js:2:521597 @ https://dev.oriso.org/static/js/app.9c3b4cef.js:1
[    2057ms] [WARNING] Tenant theming: stored seed is invalid, keeping the default palette. Error: OrisoScheme: signal seed is not a valid hex colour: ""
    at o (https://dev.oriso.org/static/js/app.9c3b4cef.js:2:513631)
    at h (https://dev.oriso.org/static/js/app.9c3b4cef.js:2:515103)
    at o (https://dev.oriso.org/static/js/app.9c3b4cef.js:2:512133)
    at https://dev.oriso.org/static/js/app.9c3b4cef.js:2:521160
    at https://dev.oriso.org/static/js/app.9c3b4cef.js:2:521597 @ https://dev.oriso.org/static/js/app.9c3b4cef.js:1
[    3481ms] [WARNING] Tenant theming: stored seed is invalid, keeping the default palette. Error: OrisoScheme: signal seed is not a valid hex colour: ""
    at o (https://dev.oriso.org/static/js/app.9c3b4cef.js:2:513631)
    at h (https://dev.oriso.org/static/js/app.9c3b4cef.js:2:515103)
    at o (https://dev.oriso.org/static/js/app.9c3b4cef.js:2:512133)
    at https://dev.oriso.org/static/js/app.9c3b4cef.js:2:521160
    at https://dev.oriso.org/static/js/app.9c3b4cef.js:2:521597 @ https://dev.oriso.org/static/js/app.9c3b4cef.js:1
[    3667ms] [WARNING] Tenant theming: stored seed is invalid, keeping the default palette. Error: OrisoScheme: signal seed is not a valid hex colour: ""
    at o (https://dev.oriso.org/static/js/app.9c3b4cef.js:2:513631)
    at h (https://dev.oriso.org/static/js/app.9c3b4cef.js:2:515103)
    at o (https://dev.oriso.org/static/js/app.9c3b4cef.js:2:512133)
    at https://dev.oriso.org/static/js/app.9c3b4cef.js:2:521160
    at https://dev.oriso.org/static/js/app.9c3b4cef.js:2:521597 @ https://dev.oriso.org/static/js/app.9c3b4cef.js:1
[    3942ms] [ERROR] Failed to load resource: the server responded with a status of 401 () @ https://dev.oriso.org/service/live/info?t=1788348588241:0
[    5338ms] [ERROR] Failed to load resource: the server responded with a status of 404 () @ https://dev.oriso.org/_matrix/client/v3/room_keys/version:0
[    5413ms] [WARNING] The AudioContext was not allowed to start. It must be resumed (or created) after a user gesture on the page. https://developer.chrome.com/blog/autoplay/#web_audio @ https://dev.oriso.org/static/js/436.9a11274b.chunk.js:1
[    5414ms] [WARNING] The AudioContext was not allowed to start. It must be resumed (or created) after a user gesture on the page. https://developer.chrome.com/blog/autoplay/#web_audio @ https://dev.oriso.org/static/js/436.9a11274b.chunk.js:1
[    5417ms] [ERROR] Failed to load resource: the server responded with a status of 403 () @ https://dev.oriso.org/service/conversations/consultants/availability:0
[    5420ms] [ERROR] Failed to load resource: the server responded with a status of 403 () @ https://dev.oriso.org/service/conversations/consultants/availability:0
[    5449ms] [ERROR] Failed to load resource: the server responded with a status of 404 () @ https://dev.oriso.org/service/error-reports:0
[    5449ms] [ERROR] Failed to load resource: the server responded with a status of 404 () @ https://dev.oriso.org/service/error-reports:0
[    5844ms] [ERROR] Failed to load resource: the server responded with a status of 404 () @ https://dev.oriso.org/service/matrix/sync/register/65:0
[    5877ms] [ERROR] Failed to load resource: the server responded with a status of 404 () @ https://dev.oriso.org/_matrix/client/v3/room_keys/version:0
[    6183ms] [ERROR] Failed to load resource: the server responded with a status of 404 () @ https://dev.oriso.org/_matrix/client/v3/room_keys/version:0
