[    1275ms] [WARNING] Tenant theming: stored seed is invalid, keeping the default palette. Error: OrisoScheme: signal seed is not a valid hex colour: ""
    at o (https://dev.oriso.org/static/js/app.9c3b4cef.js:2:513631)
    at h (https://dev.oriso.org/static/js/app.9c3b4cef.js:2:515103)
    at o (https://dev.oriso.org/static/js/app.9c3b4cef.js:2:512133)
    at https://dev.oriso.org/static/js/app.9c3b4cef.js:2:521160
    at https://dev.oriso.org/static/js/app.9c3b4cef.js:2:521597 @ https://dev.oriso.org/static/js/app.9c3b4cef.js:1
[    1925ms] [WARNING] Tenant theming: stored seed is invalid, keeping the default palette. Error: OrisoScheme: signal seed is not a valid hex colour: ""
    at o (https://dev.oriso.org/static/js/app.9c3b4cef.js:2:513631)
    at h (https://dev.oriso.org/static/js/app.9c3b4cef.js:2:515103)
    at o (https://dev.oriso.org/static/js/app.9c3b4cef.js:2:512133)
    at https://dev.oriso.org/static/js/app.9c3b4cef.js:2:521160
    at https://dev.oriso.org/static/js/app.9c3b4cef.js:2:521597 @ https://dev.oriso.org/static/js/app.9c3b4cef.js:1
[    2098ms] [ERROR] Failed to load resource: the server responded with a status of 401 () @ https://dev.oriso.org/service/live/info?t=1788347997372:0
[    3681ms] [ERROR] Failed to load resource: the server responded with a status of 403 () @ https://dev.oriso.org/service/conversations/consultants/availability:0
[    3682ms] [ERROR] Failed to load resource: the server responded with a status of 403 () @ https://dev.oriso.org/service/conversations/consultants/availability:0
[    3712ms] [ERROR] Failed to load resource: the server responded with a status of 404 () @ https://dev.oriso.org/service/error-reports:0
[    3713ms] [ERROR] Failed to load resource: the server responded with a status of 404 () @ https://dev.oriso.org/service/error-reports:0
[    3969ms] [ERROR] Failed to load resource: the server responded with a status of 404 () @ https://dev.oriso.org/service/matrix/sync/register/57:0
[  143640ms] [WARNING] Tenant theming: stored seed is invalid, keeping the default palette. Error: OrisoScheme: signal seed is not a valid hex colour: ""
    at o (https://dev.oriso.org/static/js/app.9c3b4cef.js:2:513631)
    at h (https://dev.oriso.org/static/js/app.9c3b4cef.js:2:515103)
    at o (https://dev.oriso.org/static/js/app.9c3b4cef.js:2:512133)
    at https://dev.oriso.org/static/js/app.9c3b4cef.js:2:521160
    at https://dev.oriso.org/static/js/app.9c3b4cef.js:2:521597 @ https://dev.oriso.org/static/js/app.9c3b4cef.js:1
[  144023ms] [WARNING] Tenant theming: stored seed is invalid, keeping the default palette. Error: OrisoScheme: signal seed is not a valid hex colour: ""
    at o (https://dev.oriso.org/static/js/app.9c3b4cef.js:2:513631)
    at h (https://dev.oriso.org/static/js/app.9c3b4cef.js:2:515103)
    at o (https://dev.oriso.org/static/js/app.9c3b4cef.js:2:512133)
    at https://dev.oriso.org/static/js/app.9c3b4cef.js:2:521160
    at https://dev.oriso.org/static/js/app.9c3b4cef.js:2:521597 @ https://dev.oriso.org/static/js/app.9c3b4cef.js:1
[  144801ms] [VERBOSE] [DOM] Password field is not contained in a form: (More info: https://goo.gl/9p2vKq) %o @ https://dev.oriso.org/login:0
[  162961ms] [WARNING] Tenant theming: stored seed is invalid, keeping the default palette. Error: OrisoScheme: signal seed is not a valid hex colour: ""
    at o (https://dev.oriso.org/static/js/app.9c3b4cef.js:2:513631)
    at h (https://dev.oriso.org/static/js/app.9c3b4cef.js:2:515103)
    at o (https://dev.oriso.org/static/js/app.9c3b4cef.js:2:512133)
    at https://dev.oriso.org/static/js/app.9c3b4cef.js:2:521160
    at https://dev.oriso.org/static/js/app.9c3b4cef.js:2:521597 @ https://dev.oriso.org/static/js/app.9c3b4cef.js:1
[  163233ms] [WARNING] Tenant theming: stored seed is invalid, keeping the default palette. Error: OrisoScheme: signal seed is not a valid hex colour: ""
    at o (https://dev.oriso.org/static/js/app.9c3b4cef.js:2:513631)
    at h (https://dev.oriso.org/static/js/app.9c3b4cef.js:2:515103)
    at o (https://dev.oriso.org/static/js/app.9c3b4cef.js:2:512133)
    at https://dev.oriso.org/static/js/app.9c3b4cef.js:2:521160
    at https://dev.oriso.org/static/js/app.9c3b4cef.js:2:521597 @ https://dev.oriso.org/static/js/app.9c3b4cef.js:1
[  164781ms] [WARNING] Tenant theming: stored seed is invalid, keeping the default palette. Error: OrisoScheme: signal seed is not a valid hex colour: ""
    at o (https://dev.oriso.org/static/js/app.9c3b4cef.js:2:513631)
    at h (https://dev.oriso.org/static/js/app.9c3b4cef.js:2:515103)
    at o (https://dev.oriso.org/static/js/app.9c3b4cef.js:2:512133)
    at https://dev.oriso.org/static/js/app.9c3b4cef.js:2:521160
    at https://dev.oriso.org/static/js/app.9c3b4cef.js:2:521597 @ https://dev.oriso.org/static/js/app.9c3b4cef.js:1
[  165170ms] [WARNING] Tenant theming: stored seed is invalid, keeping the default palette. Error: OrisoScheme: signal seed is not a valid hex colour: ""
    at o (https://dev.oriso.org/static/js/app.9c3b4cef.js:2:513631)
    at h (https://dev.oriso.org/static/js/app.9c3b4cef.js:2:515103)
    at o (https://dev.oriso.org/static/js/app.9c3b4cef.js:2:512133)
    at https://dev.oriso.org/static/js/app.9c3b4cef.js:2:521160
    at https://dev.oriso.org/static/js/app.9c3b4cef.js:2:521597 @ https://dev.oriso.org/static/js/app.9c3b4cef.js:1
[  165410ms] [ERROR] Failed to load resource: the server responded with a status of 401 () @ https://dev.oriso.org/service/live/info?t=1788348160671:0
[  166724ms] [ERROR] Failed to load resource: the server responded with a status of 404 () @ https://dev.oriso.org/_matrix/client/v3/room_keys/version:0
[  166814ms] [ERROR] Failed to load resource: the server responded with a status of 403 () @ https://dev.oriso.org/service/conversations/consultants/availability:0
[  166815ms] [ERROR] Failed to load resource: the server responded with a status of 403 () @ https://dev.oriso.org/service/conversations/consultants/availability:0
[  166847ms] [ERROR] Failed to load resource: the server responded with a status of 404 () @ https://dev.oriso.org/service/error-reports:0
[  166849ms] [ERROR] Failed to load resource: the server responded with a status of 404 () @ https://dev.oriso.org/service/error-reports:0
[  167148ms] [ERROR] Failed to load resource: the server responded with a status of 404 () @ https://dev.oriso.org/service/matrix/sync/register/61:0
[  167172ms] [ERROR] Failed to load resource: the server responded with a status of 404 () @ https://dev.oriso.org/_matrix/client/v3/room_keys/version:0
[  167477ms] [ERROR] Failed to load resource: the server responded with a status of 404 () @ https://dev.oriso.org/_matrix/client/v3/room_keys/version:0
[  291578ms] [WARNING] Tenant theming: stored seed is invalid, keeping the default palette. Error: OrisoScheme: signal seed is not a valid hex colour: ""
    at o (https://dev.oriso.org/static/js/app.9c3b4cef.js:2:513631)
    at h (https://dev.oriso.org/static/js/app.9c3b4cef.js:2:515103)
    at o (https://dev.oriso.org/static/js/app.9c3b4cef.js:2:512133)
    at https://dev.oriso.org/static/js/app.9c3b4cef.js:2:521160
    at https://dev.oriso.org/static/js/app.9c3b4cef.js:2:521597 @ https://dev.oriso.org/static/js/app.9c3b4cef.js:1
[  292053ms] [WARNING] Tenant theming: stored seed is invalid, keeping the default palette. Error: OrisoScheme: signal seed is not a valid hex colour: ""
    at o (https://dev.oriso.org/static/js/app.9c3b4cef.js:2:513631)
    at h (https://dev.oriso.org/static/js/app.9c3b4cef.js:2:515103)
    at o (https://dev.oriso.org/static/js/app.9c3b4cef.js:2:512133)
    at https://dev.oriso.org/static/js/app.9c3b4cef.js:2:521160
    at https://dev.oriso.org/static/js/app.9c3b4cef.js:2:521597 @ https://dev.oriso.org/static/js/app.9c3b4cef.js:1
[  292437ms] [WARNING] Tenant theming: stored seed is invalid, keeping the default palette. Error: OrisoScheme: signal seed is not a valid hex colour: ""
    at o (https://dev.oriso.org/static/js/app.9c3b4cef.js:2:513631)
    at h (https://dev.oriso.org/static/js/app.9c3b4cef.js:2:515103)
    at o (https://dev.oriso.org/static/js/app.9c3b4cef.js:2:512133)
    at https://dev.oriso.org/static/js/app.9c3b4cef.js:2:521160
    at https://dev.oriso.org/static/js/app.9c3b4cef.js:2:521597 @ https://dev.oriso.org/static/js/app.9c3b4cef.js:1
[  293837ms] [WARNING] Tenant theming: stored seed is invalid, keeping the default palette. Error: OrisoScheme: signal seed is not a valid hex colour: ""
    at o (https://dev.oriso.org/static/js/app.9c3b4cef.js:2:513631)
    at h (https://dev.oriso.org/static/js/app.9c3b4cef.js:2:515103)
    at o (https://dev.oriso.org/static/js/app.9c3b4cef.js:2:512133)
    at https://dev.oriso.org/static/js/app.9c3b4cef.js:2:521160
    at https://dev.oriso.org/static/js/app.9c3b4cef.js:2:521597 @ https://dev.oriso.org/static/js/app.9c3b4cef.js:1
[  294035ms] [WARNING] Tenant theming: stored seed is invalid, keeping the default palette. Error: OrisoScheme: signal seed is not a valid hex colour: ""
    at o (https://dev.oriso.org/static/js/app.9c3b4cef.js:2:513631)
    at h (https://dev.oriso.org/static/js/app.9c3b4cef.js:2:515103)
    at o (https://dev.oriso.org/static/js/app.9c3b4cef.js:2:512133)
    at https://dev.oriso.org/static/js/app.9c3b4cef.js:2:521160
    at https://dev.oriso.org/static/js/app.9c3b4cef.js:2:521597 @ https://dev.oriso.org/static/js/app.9c3b4cef.js:1
[  294321ms] [ERROR] Failed to load resource: the server responded with a status of 401 () @ https://dev.oriso.org/service/live/info?t=1788348289583:0
[  295720ms] [ERROR] Failed to load resource: the server responded with a status of 404 () @ https://dev.oriso.org/_matrix/client/v3/room_keys/version:0
[  295784ms] [ERROR] Failed to load resource: the server responded with a status of 403 () @ https://dev.oriso.org/service/conversations/consultants/availability:0
[  295785ms] [ERROR] Failed to load resource: the server responded with a status of 403 () @ https://dev.oriso.org/service/conversations/consultants/availability:0
[  295812ms] [ERROR] Failed to load resource: the server responded with a status of 404 () @ https://dev.oriso.org/service/error-reports:0
[  295815ms] [ERROR] Failed to load resource: the server responded with a status of 404 () @ https://dev.oriso.org/service/error-reports:0
[  296123ms] [ERROR] Failed to load resource: the server responded with a status of 404 () @ https://dev.oriso.org/service/matrix/sync/register/63:0
[  296125ms] [ERROR] Failed to load resource: the server responded with a status of 404 () @ https://dev.oriso.org/_matrix/client/v3/room_keys/version:0
[  296530ms] [ERROR] Failed to load resource: the server responded with a status of 404 () @ https://dev.oriso.org/_matrix/client/v3/room_keys/version:0
[  428631ms] [WARNING] Tenant theming: stored seed is invalid, keeping the default palette. Error: OrisoScheme: signal seed is not a valid hex colour: ""
    at o (https://dev.oriso.org/static/js/app.9c3b4cef.js:2:513631)
    at h (https://dev.oriso.org/static/js/app.9c3b4cef.js:2:515103)
    at o (https://dev.oriso.org/static/js/app.9c3b4cef.js:2:512133)
    at https://dev.oriso.org/static/js/app.9c3b4cef.js:2:521160
    at https://dev.oriso.org/static/js/app.9c3b4cef.js:2:521597 @ https://dev.oriso.org/static/js/app.9c3b4cef.js:1
[  429060ms] [WARNING] Tenant theming: stored seed is invalid, keeping the default palette. Error: OrisoScheme: signal seed is not a valid hex colour: ""
    at o (https://dev.oriso.org/static/js/app.9c3b4cef.js:2:513631)
    at h (https://dev.oriso.org/static/js/app.9c3b4cef.js:2:515103)
    at o (https://dev.oriso.org/static/js/app.9c3b4cef.js:2:512133)
    at https://dev.oriso.org/static/js/app.9c3b4cef.js:2:521160
    at https://dev.oriso.org/static/js/app.9c3b4cef.js:2:521597 @ https://dev.oriso.org/static/js/app.9c3b4cef.js:1
[  429283ms] [WARNING] Tenant theming: stored seed is invalid, keeping the default palette. Error: OrisoScheme: signal seed is not a valid hex colour: ""
    at o (https://dev.oriso.org/static/js/app.9c3b4cef.js:2:513631)
    at h (https://dev.oriso.org/static/js/app.9c3b4cef.js:2:515103)
    at o (https://dev.oriso.org/static/js/app.9c3b4cef.js:2:512133)
    at https://dev.oriso.org/static/js/app.9c3b4cef.js:2:521160
    at https://dev.oriso.org/static/js/app.9c3b4cef.js:2:521597 @ https://dev.oriso.org/static/js/app.9c3b4cef.js:1
[  430697ms] [WARNING] Tenant theming: stored seed is invalid, keeping the default palette. Error: OrisoScheme: signal seed is not a valid hex colour: ""
    at o (https://dev.oriso.org/static/js/app.9c3b4cef.js:2:513631)
    at h (https://dev.oriso.org/static/js/app.9c3b4cef.js:2:515103)
    at o (https://dev.oriso.org/static/js/app.9c3b4cef.js:2:512133)
    at https://dev.oriso.org/static/js/app.9c3b4cef.js:2:521160
    at https://dev.oriso.org/static/js/app.9c3b4cef.js:2:521597 @ https://dev.oriso.org/static/js/app.9c3b4cef.js:1
[  430909ms] [WARNING] Tenant theming: stored seed is invalid, keeping the default palette. Error: OrisoScheme: signal seed is not a valid hex colour: ""
    at o (https://dev.oriso.org/static/js/app.9c3b4cef.js:2:513631)
    at h (https://dev.oriso.org/static/js/app.9c3b4cef.js:2:515103)
    at o (https://dev.oriso.org/static/js/app.9c3b4cef.js:2:512133)
    at https://dev.oriso.org/static/js/app.9c3b4cef.js:2:521160
    at https://dev.oriso.org/static/js/app.9c3b4cef.js:2:521597 @ https://dev.oriso.org/static/js/app.9c3b4cef.js:1
[  431196ms] [ERROR] Failed to load resource: the server responded with a status of 401 () @ https://dev.oriso.org/service/live/info?t=1788348426448:0
[  432575ms] [ERROR] Failed to load resource: the server responded with a status of 404 () @ https://dev.oriso.org/_matrix/client/v3/room_keys/version:0
[  432707ms] [ERROR] Failed to load resource: the server responded with a status of 403 () @ https://dev.oriso.org/service/conversations/consultants/availability:0
[  432709ms] [ERROR] Failed to load resource: the server responded with a status of 403 () @ https://dev.oriso.org/service/conversations/consultants/availability:0
[  432744ms] [ERROR] Failed to load resource: the server responded with a status of 404 () @ https://dev.oriso.org/service/error-reports:0
[  432744ms] [ERROR] Failed to load resource: the server responded with a status of 404 () @ https://dev.oriso.org/service/error-reports:0
[  433036ms] [ERROR] Failed to load resource: the server responded with a status of 404 () @ https://dev.oriso.org/service/matrix/sync/register/64:0
[  433079ms] [ERROR] Failed to load resource: the server responded with a status of 404 () @ https://dev.oriso.org/_matrix/client/v3/room_keys/version:0
[  433372ms] [ERROR] Failed to load resource: the server responded with a status of 404 () @ https://dev.oriso.org/_matrix/client/v3/room_keys/version:0
[  593810ms] [ERROR] Failed to load resource: the server responded with a status of 403 () @ https://dev.oriso.org/service/conversations/anonymous/64:0
[  597797ms] [ERROR] Failed to load resource: the server responded with a status of 403 () @ https://dev.oriso.org/service/conversations/anonymous/64:0
[  601788ms] [ERROR] Failed to load resource: the server responded with a status of 403 () @ https://dev.oriso.org/service/conversations/anonymous/64:0
[  605789ms] [ERROR] Failed to load resource: the server responded with a status of 403 () @ https://dev.oriso.org/service/conversations/anonymous/64:0
[  609790ms] [ERROR] Failed to load resource: the server responded with a status of 403 () @ https://dev.oriso.org/service/conversations/anonymous/64:0
[  613782ms] [ERROR] Failed to load resource: the server responded with a status of 403 () @ https://dev.oriso.org/service/conversations/anonymous/64:0
[  617790ms] [ERROR] Failed to load resource: the server responded with a status of 403 () @ https://dev.oriso.org/service/conversations/anonymous/64:0
[  621809ms] [ERROR] Failed to load resource: the server responded with a status of 403 () @ https://dev.oriso.org/service/conversations/anonymous/64:0
[  625796ms] [ERROR] Failed to load resource: the server responded with a status of 403 () @ https://dev.oriso.org/service/conversations/anonymous/64:0
[  629790ms] [ERROR] Failed to load resource: the server responded with a status of 403 () @ https://dev.oriso.org/service/conversations/anonymous/64:0
[  633787ms] [ERROR] Failed to load resource: the server responded with a status of 403 () @ https://dev.oriso.org/service/conversations/anonymous/64:0
[  637785ms] [ERROR] Failed to load resource: the server responded with a status of 403 () @ https://dev.oriso.org/service/conversations/anonymous/64:0
[  641780ms] [ERROR] Failed to load resource: the server responded with a status of 403 () @ https://dev.oriso.org/service/conversations/anonymous/64:0
[  645794ms] [ERROR] Failed to load resource: the server responded with a status of 403 () @ https://dev.oriso.org/service/conversations/anonymous/64:0
[  649790ms] [ERROR] Failed to load resource: the server responded with a status of 403 () @ https://dev.oriso.org/service/conversations/anonymous/64:0
[  653807ms] [ERROR] Failed to load resource: the server responded with a status of 403 () @ https://dev.oriso.org/service/conversations/anonymous/64:0
[  657776ms] [ERROR] Failed to load resource: the server responded with a status of 403 () @ https://dev.oriso.org/service/conversations/anonymous/64:0
[  661786ms] [ERROR] Failed to load resource: the server responded with a status of 403 () @ https://dev.oriso.org/service/conversations/anonymous/64:0
[  665786ms] [ERROR] Failed to load resource: the server responded with a status of 403 () @ https://dev.oriso.org/service/conversations/anonymous/64:0
[  669787ms] [ERROR] Failed to load resource: the server responded with a status of 403 () @ https://dev.oriso.org/service/conversations/anonymous/64:0
[  673784ms] [ERROR] Failed to load resource: the server responded with a status of 403 () @ https://dev.oriso.org/service/conversations/anonymous/64:0
[  677790ms] [ERROR] Failed to load resource: the server responded with a status of 403 () @ https://dev.oriso.org/service/conversations/anonymous/64:0
[  681782ms] [ERROR] Failed to load resource: the server responded with a status of 403 () @ https://dev.oriso.org/service/conversations/anonymous/64:0
[  685783ms] [ERROR] Failed to load resource: the server responded with a status of 403 () @ https://dev.oriso.org/service/conversations/anonymous/64:0
[  689800ms] [ERROR] Failed to load resource: the server responded with a status of 403 () @ https://dev.oriso.org/service/conversations/anonymous/64:0
[  693829ms] [ERROR] Failed to load resource: the server responded with a status of 403 () @ https://dev.oriso.org/service/conversations/anonymous/64:0
[  697784ms] [ERROR] Failed to load resource: the server responded with a status of 403 () @ https://dev.oriso.org/service/conversations/anonymous/64:0
[  701784ms] [ERROR] Failed to load resource: the server responded with a status of 403 () @ https://dev.oriso.org/service/conversations/anonymous/64:0
[  705781ms] [ERROR] Failed to load resource: the server responded with a status of 403 () @ https://dev.oriso.org/service/conversations/anonymous/64:0
[  709790ms] [ERROR] Failed to load resource: the server responded with a status of 403 () @ https://dev.oriso.org/service/conversations/anonymous/64:0
[  713782ms] [ERROR] Failed to load resource: the server responded with a status of 403 () @ https://dev.oriso.org/service/conversations/anonymous/64:0
[  717785ms] [ERROR] Failed to load resource: the server responded with a status of 403 () @ https://dev.oriso.org/service/conversations/anonymous/64:0
[  721789ms] [ERROR] Failed to load resource: the server responded with a status of 403 () @ https://dev.oriso.org/service/conversations/anonymous/64:0
[  725788ms] [ERROR] Failed to load resource: the server responded with a status of 403 () @ https://dev.oriso.org/service/conversations/anonymous/64:0
[  729781ms] [ERROR] Failed to load resource: the server responded with a status of 403 () @ https://dev.oriso.org/service/conversations/anonymous/64:0
[  733785ms] [ERROR] Failed to load resource: the server responded with a status of 403 () @ https://dev.oriso.org/service/conversations/anonymous/64:0
[  737785ms] [ERROR] Failed to load resource: the server responded with a status of 403 () @ https://dev.oriso.org/service/conversations/anonymous/64:0
[  741783ms] [ERROR] Failed to load resource: the server responded with a status of 403 () @ https://dev.oriso.org/service/conversations/anonymous/64:0
[  745784ms] [ERROR] Failed to load resource: the server responded with a status of 403 () @ https://dev.oriso.org/service/conversations/anonymous/64:0
[  749789ms] [ERROR] Failed to load resource: the server responded with a status of 403 () @ https://dev.oriso.org/service/conversations/anonymous/64:0
[  753790ms] [ERROR] Failed to load resource: the server responded with a status of 403 () @ https://dev.oriso.org/service/conversations/anonymous/64:0
[  757788ms] [ERROR] Failed to load resource: the server responded with a status of 403 () @ https://dev.oriso.org/service/conversations/anonymous/64:0
[  761780ms] [ERROR] Failed to load resource: the server responded with a status of 403 () @ https://dev.oriso.org/service/conversations/anonymous/64:0
[  765787ms] [ERROR] Failed to load resource: the server responded with a status of 403 () @ https://dev.oriso.org/service/conversations/anonymous/64:0
[  769789ms] [ERROR] Failed to load resource: the server responded with a status of 403 () @ https://dev.oriso.org/service/conversations/anonymous/64:0
[  773791ms] [ERROR] Failed to load resource: the server responded with a status of 403 () @ https://dev.oriso.org/service/conversations/anonymous/64:0
[  775509ms] [WARNING] Tenant theming: stored seed is invalid, keeping the default palette. Error: OrisoScheme: signal seed is not a valid hex colour: ""
    at o (https://dev.oriso.org/static/js/app.9c3b4cef.js:2:513631)
    at h (https://dev.oriso.org/static/js/app.9c3b4cef.js:2:515103)
    at o (https://dev.oriso.org/static/js/app.9c3b4cef.js:2:512133)
    at https://dev.oriso.org/static/js/app.9c3b4cef.js:2:521160
    at https://dev.oriso.org/static/js/app.9c3b4cef.js:2:521597 @ https://dev.oriso.org/static/js/app.9c3b4cef.js:1
[  775885ms] [WARNING] Tenant theming: stored seed is invalid, keeping the default palette. Error: OrisoScheme: signal seed is not a valid hex colour: ""
    at o (https://dev.oriso.org/static/js/app.9c3b4cef.js:2:513631)
    at h (https://dev.oriso.org/static/js/app.9c3b4cef.js:2:515103)
    at o (https://dev.oriso.org/static/js/app.9c3b4cef.js:2:512133)
    at https://dev.oriso.org/static/js/app.9c3b4cef.js:2:521160
    at https://dev.oriso.org/static/js/app.9c3b4cef.js:2:521597 @ https://dev.oriso.org/static/js/app.9c3b4cef.js:1
[  776138ms] [ERROR] Failed to load resource: the server responded with a status of 401 () @ https://dev.oriso.org/service/live/info?t=1788348771381:0
[  777526ms] [ERROR] Failed to load resource: the server responded with a status of 403 () @ https://dev.oriso.org/service/conversations/consultants/availability:0
[  777541ms] [ERROR] Failed to load resource: the server responded with a status of 403 () @ https://dev.oriso.org/service/conversations/consultants/availability:0
[  777570ms] [ERROR] Failed to load resource: the server responded with a status of 404 () @ https://dev.oriso.org/service/error-reports:0
[  777571ms] [ERROR] Failed to load resource: the server responded with a status of 404 () @ https://dev.oriso.org/service/error-reports:0
[  777661ms] [WARNING] The AudioContext was not allowed to start. It must be resumed (or created) after a user gesture on the page. https://developer.chrome.com/blog/autoplay/#web_audio @ https://dev.oriso.org/static/js/436.9a11274b.chunk.js:1
[  777662ms] [WARNING] The AudioContext was not allowed to start. It must be resumed (or created) after a user gesture on the page. https://developer.chrome.com/blog/autoplay/#web_audio @ https://dev.oriso.org/static/js/436.9a11274b.chunk.js:1
[  777803ms] [ERROR] Failed to load resource: the server responded with a status of 404 () @ https://dev.oriso.org/service/matrix/sync/register/65:0
[  780893ms] [ERROR] Failed to load resource: the server responded with a status of 401 () @ https://dev.oriso.org/service/users/sessions/askers:0
[  855360ms] [WARNING] Tenant theming: stored seed is invalid, keeping the default palette. Error: OrisoScheme: signal seed is not a valid hex colour: ""
    at o (https://dev.oriso.org/static/js/app.9c3b4cef.js:2:513631)
    at h (https://dev.oriso.org/static/js/app.9c3b4cef.js:2:515103)
    at o (https://dev.oriso.org/static/js/app.9c3b4cef.js:2:512133)
    at https://dev.oriso.org/static/js/app.9c3b4cef.js:2:521160
    at https://dev.oriso.org/static/js/app.9c3b4cef.js:2:521597 @ https://dev.oriso.org/static/js/app.9c3b4cef.js:1
[  855799ms] [WARNING] Tenant theming: stored seed is invalid, keeping the default palette. Error: OrisoScheme: signal seed is not a valid hex colour: ""
    at o (https://dev.oriso.org/static/js/app.9c3b4cef.js:2:513631)
    at h (https://dev.oriso.org/static/js/app.9c3b4cef.js:2:515103)
    at o (https://dev.oriso.org/static/js/app.9c3b4cef.js:2:512133)
    at https://dev.oriso.org/static/js/app.9c3b4cef.js:2:521160
    at https://dev.oriso.org/static/js/app.9c3b4cef.js:2:521597 @ https://dev.oriso.org/static/js/app.9c3b4cef.js:1
[  856073ms] [ERROR] Failed to load resource: the server responded with a status of 401 () @ https://dev.oriso.org/service/live/info?t=1788348851318:0
[  857843ms] [WARNING] The AudioContext was not allowed to start. It must be resumed (or created) after a user gesture on the page. https://developer.chrome.com/blog/autoplay/#web_audio @ https://dev.oriso.org/static/js/436.9a11274b.chunk.js:1
[  857844ms] [WARNING] The AudioContext was not allowed to start. It must be resumed (or created) after a user gesture on the page. https://developer.chrome.com/blog/autoplay/#web_audio @ https://dev.oriso.org/static/js/436.9a11274b.chunk.js:1
[  857886ms] [ERROR] Failed to load resource: the server responded with a status of 403 () @ https://dev.oriso.org/service/conversations/consultants/availability:0
[  857886ms] [ERROR] Failed to load resource: the server responded with a status of 403 () @ https://dev.oriso.org/service/conversations/consultants/availability:0
[  857914ms] [ERROR] Failed to load resource: the server responded with a status of 404 () @ https://dev.oriso.org/service/error-reports:0
[  857916ms] [ERROR] Failed to load resource: the server responded with a status of 404 () @ https://dev.oriso.org/service/error-reports:0
[  857956ms] [ERROR] Failed to load resource: the server responded with a status of 403 () @ https://dev.oriso.org/service/users/case-handover/candidates?query=64&offset=0&count=15&archived=false:0
[  894526ms] [WARNING] Tenant theming: stored seed is invalid, keeping the default palette. Error: OrisoScheme: signal seed is not a valid hex colour: ""
    at o (https://dev.oriso.org/static/js/app.9c3b4cef.js:2:513631)
    at h (https://dev.oriso.org/static/js/app.9c3b4cef.js:2:515103)
    at o (https://dev.oriso.org/static/js/app.9c3b4cef.js:2:512133)
    at https://dev.oriso.org/static/js/app.9c3b4cef.js:2:521160
    at https://dev.oriso.org/static/js/app.9c3b4cef.js:2:521597 @ https://dev.oriso.org/static/js/app.9c3b4cef.js:1
[  894865ms] [WARNING] Tenant theming: stored seed is invalid, keeping the default palette. Error: OrisoScheme: signal seed is not a valid hex colour: ""
    at o (https://dev.oriso.org/static/js/app.9c3b4cef.js:2:513631)
    at h (https://dev.oriso.org/static/js/app.9c3b4cef.js:2:515103)
    at o (https://dev.oriso.org/static/js/app.9c3b4cef.js:2:512133)
    at https://dev.oriso.org/static/js/app.9c3b4cef.js:2:521160
    at https://dev.oriso.org/static/js/app.9c3b4cef.js:2:521597 @ https://dev.oriso.org/static/js/app.9c3b4cef.js:1
[  895180ms] [WARNING] Tenant theming: stored seed is invalid, keeping the default palette. Error: OrisoScheme: signal seed is not a valid hex colour: ""
    at o (https://dev.oriso.org/static/js/app.9c3b4cef.js:2:513631)
    at h (https://dev.oriso.org/static/js/app.9c3b4cef.js:2:515103)
    at o (https://dev.oriso.org/static/js/app.9c3b4cef.js:2:512133)
    at https://dev.oriso.org/static/js/app.9c3b4cef.js:2:521160
    at https://dev.oriso.org/static/js/app.9c3b4cef.js:2:521597 @ https://dev.oriso.org/static/js/app.9c3b4cef.js:1
[  896765ms] [WARNING] Tenant theming: stored seed is invalid, keeping the default palette. Error: OrisoScheme: signal seed is not a valid hex colour: ""
    at o (https://dev.oriso.org/static/js/app.9c3b4cef.js:2:513631)
    at h (https://dev.oriso.org/static/js/app.9c3b4cef.js:2:515103)
    at o (https://dev.oriso.org/static/js/app.9c3b4cef.js:2:512133)
    at https://dev.oriso.org/static/js/app.9c3b4cef.js:2:521160
    at https://dev.oriso.org/static/js/app.9c3b4cef.js:2:521597 @ https://dev.oriso.org/static/js/app.9c3b4cef.js:1
[  897025ms] [WARNING] Tenant theming: stored seed is invalid, keeping the default palette. Error: OrisoScheme: signal seed is not a valid hex colour: ""
    at o (https://dev.oriso.org/static/js/app.9c3b4cef.js:2:513631)
    at h (https://dev.oriso.org/static/js/app.9c3b4cef.js:2:515103)
    at o (https://dev.oriso.org/static/js/app.9c3b4cef.js:2:512133)
    at https://dev.oriso.org/static/js/app.9c3b4cef.js:2:521160
    at https://dev.oriso.org/static/js/app.9c3b4cef.js:2:521597 @ https://dev.oriso.org/static/js/app.9c3b4cef.js:1
[  897266ms] [ERROR] Failed to load resource: the server responded with a status of 401 () @ https://dev.oriso.org/service/live/info?t=1788348892542:0
[  898679ms] [ERROR] Failed to load resource: the server responded with a status of 404 () @ https://dev.oriso.org/_matrix/client/v3/room_keys/version:0
[  898771ms] [ERROR] Failed to load resource: the server responded with a status of 403 () @ https://dev.oriso.org/service/conversations/consultants/availability:0
[  898771ms] [ERROR] Failed to load resource: the server responded with a status of 403 () @ https://dev.oriso.org/service/conversations/consultants/availability:0
[  898801ms] [ERROR] Failed to load resource: the server responded with a status of 404 () @ https://dev.oriso.org/service/error-reports:0
[  898808ms] [ERROR] Failed to load resource: the server responded with a status of 404 () @ https://dev.oriso.org/service/error-reports:0
[  899076ms] [ERROR] Failed to load resource: the server responded with a status of 404 () @ https://dev.oriso.org/service/matrix/sync/register/66:0
[  899147ms] [ERROR] Failed to load resource: the server responded with a status of 404 () @ https://dev.oriso.org/_matrix/client/v3/room_keys/version:0
[  899462ms] [ERROR] Failed to load resource: the server responded with a status of 404 () @ https://dev.oriso.org/_matrix/client/v3/room_keys/version:0
[  909727ms] [WARNING] Tenant theming: stored seed is invalid, keeping the default palette. Error: OrisoScheme: signal seed is not a valid hex colour: ""
    at o (https://dev.oriso.org/static/js/app.9c3b4cef.js:2:513631)
    at h (https://dev.oriso.org/static/js/app.9c3b4cef.js:2:515103)
    at o (https://dev.oriso.org/static/js/app.9c3b4cef.js:2:512133)
    at https://dev.oriso.org/static/js/app.9c3b4cef.js:2:521160
    at https://dev.oriso.org/static/js/app.9c3b4cef.js:2:521597 @ https://dev.oriso.org/static/js/app.9c3b4cef.js:1
[  910047ms] [WARNING] Tenant theming: stored seed is invalid, keeping the default palette. Error: OrisoScheme: signal seed is not a valid hex colour: ""
    at o (https://dev.oriso.org/static/js/app.9c3b4cef.js:2:513631)
    at h (https://dev.oriso.org/static/js/app.9c3b4cef.js:2:515103)
    at o (https://dev.oriso.org/static/js/app.9c3b4cef.js:2:512133)
    at https://dev.oriso.org/static/js/app.9c3b4cef.js:2:521160
    at https://dev.oriso.org/static/js/app.9c3b4cef.js:2:521597 @ https://dev.oriso.org/static/js/app.9c3b4cef.js:1
[  910296ms] [ERROR] Failed to load resource: the server responded with a status of 401 () @ https://dev.oriso.org/service/live/info?t=1788348905571:0
[  911770ms] [WARNING] The AudioContext was not allowed to start. It must be resumed (or created) after a user gesture on the page. https://developer.chrome.com/blog/autoplay/#web_audio @ https://dev.oriso.org/static/js/436.9a11274b.chunk.js:1
[  911771ms] [WARNING] The AudioContext was not allowed to start. It must be resumed (or created) after a user gesture on the page. https://developer.chrome.com/blog/autoplay/#web_audio @ https://dev.oriso.org/static/js/436.9a11274b.chunk.js:1
[  911817ms] [ERROR] Failed to load resource: the server responded with a status of 403 () @ https://dev.oriso.org/service/conversations/consultants/availability:0
[  911821ms] [ERROR] Failed to load resource: the server responded with a status of 403 () @ https://dev.oriso.org/service/conversations/consultants/availability:0
[  911865ms] [ERROR] Failed to load resource: the server responded with a status of 404 () @ https://dev.oriso.org/service/error-reports:0
[  911866ms] [ERROR] Failed to load resource: the server responded with a status of 404 () @ https://dev.oriso.org/service/error-reports:0
[  912063ms] [ERROR] Failed to load resource: the server responded with a status of 403 () @ https://dev.oriso.org/service/users/case-handover/candidates?query=66&offset=0&count=15&archived=false:0
