[    1055ms] [WARNING] Tenant theming: stored seed is invalid, keeping the default palette. Error: OrisoScheme: signal seed is not a valid hex colour: ""
    at o (https://dev.oriso.org/static/js/app.9c3b4cef.js:2:513631)
    at h (https://dev.oriso.org/static/js/app.9c3b4cef.js:2:515103)
    at o (https://dev.oriso.org/static/js/app.9c3b4cef.js:2:512133)
    at https://dev.oriso.org/static/js/app.9c3b4cef.js:2:521160
    at https://dev.oriso.org/static/js/app.9c3b4cef.js:2:521597 @ https://dev.oriso.org/static/js/app.9c3b4cef.js:1
[    1245ms] [WARNING] Tenant theming: stored seed is invalid, keeping the default palette. Error: OrisoScheme: signal seed is not a valid hex colour: ""
    at o (https://dev.oriso.org/static/js/app.9c3b4cef.js:2:513631)
    at h (https://dev.oriso.org/static/js/app.9c3b4cef.js:2:515103)
    at o (https://dev.oriso.org/static/js/app.9c3b4cef.js:2:512133)
    at https://dev.oriso.org/static/js/app.9c3b4cef.js:2:521160
    at https://dev.oriso.org/static/js/app.9c3b4cef.js:2:521597 @ https://dev.oriso.org/static/js/app.9c3b4cef.js:1
[    2564ms] [WARNING] Tenant theming: stored seed is invalid, keeping the default palette. Error: OrisoScheme: signal seed is not a valid hex colour: ""
    at o (https://dev.oriso.org/static/js/app.9c3b4cef.js:2:513631)
    at h (https://dev.oriso.org/static/js/app.9c3b4cef.js:2:515103)
    at o (https://dev.oriso.org/static/js/app.9c3b4cef.js:2:512133)
    at https://dev.oriso.org/static/js/app.9c3b4cef.js:2:521160
    at https://dev.oriso.org/static/js/app.9c3b4cef.js:2:521597 @ https://dev.oriso.org/static/js/app.9c3b4cef.js:1
[    2748ms] [WARNING] Tenant theming: stored seed is invalid, keeping the default palette. Error: OrisoScheme: signal seed is not a valid hex colour: ""
    at o (https://dev.oriso.org/static/js/app.9c3b4cef.js:2:513631)
    at h (https://dev.oriso.org/static/js/app.9c3b4cef.js:2:515103)
    at o (https://dev.oriso.org/static/js/app.9c3b4cef.js:2:512133)
    at https://dev.oriso.org/static/js/app.9c3b4cef.js:2:521160
    at https://dev.oriso.org/static/js/app.9c3b4cef.js:2:521597 @ https://dev.oriso.org/static/js/app.9c3b4cef.js:1
[    3020ms] [ERROR] Failed to load resource: the server responded with a status of 401 () @ https://dev.oriso.org/service/live/info?t=1788348900472:0
[    4362ms] [ERROR] Failed to load resource: the server responded with a status of 404 () @ https://dev.oriso.org/_matrix/client/v3/room_keys/version:0
[    4452ms] [WARNING] The AudioContext was not allowed to start. It must be resumed (or created) after a user gesture on the page. https://developer.chrome.com/blog/autoplay/#web_audio @ https://dev.oriso.org/static/js/436.9a11274b.chunk.js:1
[    4453ms] [WARNING] The AudioContext was not allowed to start. It must be resumed (or created) after a user gesture on the page. https://developer.chrome.com/blog/autoplay/#web_audio @ https://dev.oriso.org/static/js/436.9a11274b.chunk.js:1
[    4456ms] [ERROR] Failed to load resource: the server responded with a status of 403 () @ https://dev.oriso.org/service/conversations/consultants/availability:0
[    4458ms] [ERROR] Failed to load resource: the server responded with a status of 403 () @ https://dev.oriso.org/service/conversations/consultants/availability:0
[    4488ms] [ERROR] Failed to load resource: the server responded with a status of 404 () @ https://dev.oriso.org/service/error-reports:0
[    4489ms] [ERROR] Failed to load resource: the server responded with a status of 404 () @ https://dev.oriso.org/service/error-reports:0
[    4821ms] [ERROR] Failed to load resource: the server responded with a status of 404 () @ https://dev.oriso.org/service/matrix/sync/register/67:0
[    4860ms] [ERROR] Failed to load resource: the server responded with a status of 404 () @ https://dev.oriso.org/_matrix/client/v3/room_keys/version:0
[    5214ms] [ERROR] Failed to load resource: the server responded with a status of 404 () @ https://dev.oriso.org/_matrix/client/v3/room_keys/version:0
